============================= test session starts =============================
platform win32 -- Python 3.13.6, pytest-9.0.2, pluggy-1.6.0
rootdir: C:\Users\Arun\Desktop\Text-to-speech-app
plugins: anyio-4.12.1
collected 5 items

tests\test_auth.py FFFFF                                                 [100%]

================================== FAILURES ===================================
_____________________________ test_signup_success _____________________________

client = <starlette.testclient.TestClient object at 0x000002B02EC2EA50>

    def test_signup_success(client):
        """Test successful user registration"""
        payload = {
            "email": "test@example.com",
            "password": "password123"
        }
        response = client.post("/api/signup", json=payload)
    
>       assert response.status_code == status.HTTP_200_OK
E       assert 500 == 200
E        +  where 500 = <Response [500 Internal Server Error]>.status_code
E        +  and   200 = status.HTTP_200_OK

tests\test_auth.py:11: AssertionError
---------------------------- Captured stderr call -----------------------------
2026-02-16 12:05:57,338 [ERROR] Signup Error: (sqlite3.OperationalError) no such table: users
[SQL: SELECT users.id AS users_id, users.email AS users_email, users.hashed_password AS users_hashed_password, users.is_admin AS users_is_admin, users.created_at AS users_created_at, users.credits_used AS users_credits_used 
FROM users 
WHERE users.email = ?
 LIMIT ? OFFSET ?]
[parameters: ('test@example.com', 1, 0)]
(Background on this error at: https://sqlalche.me/e/20/e3q8)
2026-02-16 12:05:57,339 [INFO] HTTP Request: POST http://testserver/api/signup "HTTP/1.1 500 Internal Server Error"
------------------------------ Captured log call ------------------------------
ERROR    backend.main:main.py:233 Signup Error: (sqlite3.OperationalError) no such table: users
[SQL: SELECT users.id AS users_id, users.email AS users_email, users.hashed_password AS users_hashed_password, users.is_admin AS users_is_admin, users.created_at AS users_created_at, users.credits_used AS users_credits_used 
FROM users 
WHERE users.email = ?
 LIMIT ? OFFSET ?]
[parameters: ('test@example.com', 1, 0)]
(Background on this error at: https://sqlalche.me/e/20/e3q8)
INFO     httpx:_client.py:1025 HTTP Request: POST http://testserver/api/signup "HTTP/1.1 500 Internal Server Error"
_________________________ test_signup_duplicate_email _________________________

client = <starlette.testclient.TestClient object at 0x000002B02EC59BD0>

    def test_signup_duplicate_email(client):
        """Test error when registering with an existing email"""
        payload = {
            "email": "duplicate@example.com",
            "password": "password123"
        }
    
        # 1. Register first user
        response1 = client.post("/api/signup", json=payload)
>       assert response1.status_code == status.HTTP_200_OK
E       assert 500 == 200
E        +  where 500 = <Response [500 Internal Server Error]>.status_code
E        +  and   200 = status.HTTP_200_OK

tests\test_auth.py:26: AssertionError
---------------------------- Captured stderr call -----------------------------
2026-02-16 12:05:57,468 [ERROR] Signup Error: (sqlite3.OperationalError) no such table: users
[SQL: SELECT users.id AS users_id, users.email AS users_email, users.hashed_password AS users_hashed_password, users.is_admin AS users_is_admin, users.created_at AS users_created_at, users.credits_used AS users_credits_used 
FROM users 
WHERE users.email = ?
 LIMIT ? OFFSET ?]
[parameters: ('duplicate@example.com', 1, 0)]
(Background on this error at: https://sqlalche.me/e/20/e3q8)
2026-02-16 12:05:57,469 [INFO] HTTP Request: POST http://testserver/api/signup "HTTP/1.1 500 Internal Server Error"
------------------------------ Captured log call ------------------------------
ERROR    backend.main:main.py:233 Signup Error: (sqlite3.OperationalError) no such table: users
[SQL: SELECT users.id AS users_id, users.email AS users_email, users.hashed_password AS users_hashed_password, users.is_admin AS users_is_admin, users.created_at AS users_created_at, users.credits_used AS users_credits_used 
FROM users 
WHERE users.email = ?
 LIMIT ? OFFSET ?]
[parameters: ('duplicate@example.com', 1, 0)]
(Background on this error at: https://sqlalche.me/e/20/e3q8)
INFO     httpx:_client.py:1025 HTTP Request: POST http://testserver/api/signup "HTTP/1.1 500 Internal Server Error"
_____________________________ test_login_success ______________________________

client = <starlette.testclient.TestClient object at 0x000002B02EC5B9D0>

    def test_login_success(client):
        """Test successful login with correct credentials"""
        email = "login_success@example.com"
        password = "securepassword"
    
        # Prerequisite: Create user
        client.post("/api/signup", json={"email": email, "password": password})
    
        # Test Login
        response = client.post("/api/login", json={"email": email, "password": password})
    
>       assert response.status_code == status.HTTP_200_OK
E       assert 500 == 200
E        +  where 500 = <Response [500 Internal Server Error]>.status_code
E        +  and   200 = status.HTTP_200_OK

tests\test_auth.py:45: AssertionError
---------------------------- Captured stderr call -----------------------------
2026-02-16 12:05:57,477 [ERROR] Signup Error: (sqlite3.OperationalError) no such table: users
[SQL: SELECT users.id AS users_id, users.email AS users_email, users.hashed_password AS users_hashed_password, users.is_admin AS users_is_admin, users.created_at AS users_created_at, users.credits_used AS users_credits_used 
FROM users 
WHERE users.email = ?
 LIMIT ? OFFSET ?]
[parameters: ('login_success@example.com', 1, 0)]
(Background on this error at: https://sqlalche.me/e/20/e3q8)
2026-02-16 12:05:57,478 [INFO] HTTP Request: POST http://testserver/api/signup "HTTP/1.1 500 Internal Server Error"
2026-02-16 12:05:57,480 [ERROR] CRITICAL ERROR in /api/login: (sqlite3.OperationalError) no such table: users
[SQL: SELECT users.id AS users_id, users.email AS users_email, users.hashed_password AS users_hashed_password, users.is_admin AS users_is_admin, users.created_at AS users_created_at, users.credits_used AS users_credits_used 
FROM users 
WHERE users.email = ?
 LIMIT ? OFFSET ?]
[parameters: ('login_success@example.com', 1, 0)]
(Background on this error at: https://sqlalche.me/e/20/e3q8)
Traceback (most recent call last):
  File "C:\Users\Arun\Desktop\Text-to-speech-app\.venv\Lib\site-packages\sqlalchemy\engine\base.py", line 1967, in _exec_single_context
    self.dialect.do_execute(
    ~~~~~~~~~~~~~~~~~~~~~~~^
        cursor, str_statement, effective_parameters, context
        ^^^^^^^^^^^^^^^^^^^^^^^^^^^^^^^^^^^^^^^^^^^^^^^^^^^^
    )
    ^
  File "C:\Users\Arun\Desktop\Text-to-speech-app\.venv\Lib\site-packages\sqlalchemy\engine\default.py", line 952, in do_execute
    cursor.execute(statement, parameters)
    ~~~~~~~~~~~~~~^^^^^^^^^^^^^^^^^^^^^^^
sqlite3.OperationalError: no such table: users

The above exception was the direct cause of the following exception:

Traceback (most recent call last):
  File "C:\Users\Arun\Desktop\Text-to-speech-app\backend\main.py", line 95, in log_requests
    response = await call_next(request)
               ^^^^^^^^^^^^^^^^^^^^^^^^
  File "C:\Users\Arun\Desktop\Text-to-speech-app\.venv\Lib\site-packages\starlette\middleware\base.py", line 168, in call_next
    raise app_exc from app_exc.__cause__ or app_exc.__context__
  File "C:\Users\Arun\Desktop\Text-to-speech-app\.venv\Lib\site-packages\starlette\middleware\base.py", line 144, in coro
    await self.app(scope, receive_or_disconnect, send_no_error)
  File "C:\Users\Arun\Desktop\Text-to-speech-app\.venv\Lib\site-packages\starlette\middleware\exceptions.py", line 63, in __call__
    await wrap_app_handling_exceptions(self.app, conn)(scope, receive, send)
  File "C:\Users\Arun\Desktop\Text-to-speech-app\.venv\Lib\site-packages\starlette\_exception_handler.py", line 53, in wrapped_app
    raise exc
  File "C:\Users\Arun\Desktop\Text-to-speech-app\.venv\Lib\site-packages\starlette\_exception_handler.py", line 42, in wrapped_app
    await app(scope, receive, sender)
  File "C:\Users\Arun\Desktop\Text-to-speech-app\.venv\Lib\site-packages\fastapi\middleware\asyncexitstack.py", line 18, in __call__
    await self.app(scope, receive, send)
  File "C:\Users\Arun\Desktop\Text-to-speech-app\.venv\Lib\site-packages\starlette\routing.py", line 716, in __call__
    await self.middleware_stack(scope, receive, send)
  File "C:\Users\Arun\Desktop\Text-to-speech-app\.venv\Lib\site-packages\starlette\routing.py", line 736, in app
    await route.handle(scope, receive, send)
  File "C:\Users\Arun\Desktop\Text-to-speech-app\.venv\Lib\site-packages\starlette\routing.py", line 290, in handle
    await self.app(scope, receive, send)
  File "C:\Users\Arun\Desktop\Text-to-speech-app\.venv\Lib\site-packages\fastapi\routing.py", line 115, in app
    await wrap_app_handling_exceptions(app, request)(scope, receive, send)
  File "C:\Users\Arun\Desktop\Text-to-speech-app\.venv\Lib\site-packages\starlette\_exception_handler.py", line 53, in wrapped_app
    raise exc
  File "C:\Users\Arun\Desktop\Text-to-speech-app\.venv\Lib\site-packages\starlette\_exception_handler.py", line 42, in wrapped_app
    await app(scope, receive, sender)
  File "C:\Users\Arun\Desktop\Text-to-speech-app\.venv\Lib\site-packages\fastapi\routing.py", line 101, in app
    response = await f(request)
               ^^^^^^^^^^^^^^^^
  File "C:\Users\Arun\Desktop\Text-to-speech-app\.venv\Lib\site-packages\fastapi\routing.py", line 355, in app
    raw_response = await run_endpoint_function(
                   ^^^^^^^^^^^^^^^^^^^^^^^^^^^^
    ...<3 lines>...
    )
    ^
  File "C:\Users\Arun\Desktop\Text-to-speech-app\.venv\Lib\site-packages\fastapi\routing.py", line 245, in run_endpoint_function
    return await run_in_threadpool(dependant.call, **values)
           ^^^^^^^^^^^^^^^^^^^^^^^^^^^^^^^^^^^^^^^^^^^^^^^^^
  File "C:\Users\Arun\Desktop\Text-to-speech-app\.venv\Lib\site-packages\starlette\concurrency.py", line 32, in run_in_threadpool
    return await anyio.to_thread.run_sync(func)
           ^^^^^^^^^^^^^^^^^^^^^^^^^^^^^^^^^^^^
  File "C:\Users\Arun\Desktop\Text-to-speech-app\.venv\Lib\site-packages\anyio\to_thread.py", line 63, in run_sync
    return await get_async_backend().run_sync_in_worker_thread(
           ^^^^^^^^^^^^^^^^^^^^^^^^^^^^^^^^^^^^^^^^^^^^^^^^^^^^
        func, args, abandon_on_cancel=abandon_on_cancel, limiter=limiter
        ^^^^^^^^^^^^^^^^^^^^^^^^^^^^^^^^^^^^^^^^^^^^^^^^^^^^^^^^^^^^^^^^
    )
    ^
  File "C:\Users\Arun\Desktop\Text-to-speech-app\.venv\Lib\site-packages\anyio\_backends\_asyncio.py", line 2502, in run_sync_in_worker_thread
    return await future
           ^^^^^^^^^^^^
  File "C:\Users\Arun\Desktop\Text-to-speech-app\.venv\Lib\site-packages\anyio\_backends\_asyncio.py", line 986, in run
    result = context.run(func, *args)
  File "C:\Users\Arun\Desktop\Text-to-speech-app\backend\main.py", line 238, in login
    db_user = db.query(User).filter(User.email == user.email).first()
  File "C:\Users\Arun\Desktop\Text-to-speech-app\.venv\Lib\site-packages\sqlalchemy\orm\query.py", line 2759, in first
    return self.limit(1)._iter().first()  # type: ignore
           ~~~~~~~~~~~~~~~~~~~^^
  File "C:\Users\Arun\Desktop\Text-to-speech-app\.venv\Lib\site-packages\sqlalchemy\orm\query.py", line 2857, in _iter
    result: Union[ScalarResult[_T], Result[_T]] = self.session.execute(
                                                  ~~~~~~~~~~~~~~~~~~~~^
        statement,
        ^^^^^^^^^^
        params,
        ^^^^^^^
        execution_options={"_sa_orm_load_options": self.load_options},
        ^^^^^^^^^^^^^^^^^^^^^^^^^^^^^^^^^^^^^^^^^^^^^^^^^^^^^^^^^^^^^^
    )
    ^
  File "C:\Users\Arun\Desktop\Text-to-speech-app\.venv\Lib\site-packages\sqlalchemy\orm\session.py", line 2351, in execute
    return self._execute_internal(
           ~~~~~~~~~~~~~~~~~~~~~~^
        statement,
        ^^^^^^^^^^
    ...<4 lines>...
        _add_event=_add_event,
        ^^^^^^^^^^^^^^^^^^^^^^
    )
    ^
  File "C:\Users\Arun\Desktop\Text-to-speech-app\.venv\Lib\site-packages\sqlalchemy\orm\session.py", line 2249, in _execute_internal
    result: Result[Any] = compile_state_cls.orm_execute_statement(
                          ~~~~~~~~~~~~~~~~~~~~~~~~~~~~~~~~~~~~~~~^
        self,
        ^^^^^
    ...<4 lines>...
        conn,
        ^^^^^
    )
    ^
  File "C:\Users\Arun\Desktop\Text-to-speech-app\.venv\Lib\site-packages\sqlalchemy\orm\context.py", line 306, in orm_execute_statement
    result = conn.execute(
        statement, params or {}, execution_options=execution_options
    )
  File "C:\Users\Arun\Desktop\Text-to-speech-app\.venv\Lib\site-packages\sqlalchemy\engine\base.py", line 1419, in execute
    return meth(
        self,
        distilled_parameters,
        execution_options or NO_OPTIONS,
    )
  File "C:\Users\Arun\Desktop\Text-to-speech-app\.venv\Lib\site-packages\sqlalchemy\sql\elements.py", line 527, in _execute_on_connection
    return connection._execute_clauseelement(
           ~~~~~~~~~~~~~~~~~~~~~~~~~~~~~~~~~^
        self, distilled_params, execution_options
        ^^^^^^^^^^^^^^^^^^^^^^^^^^^^^^^^^^^^^^^^^
    )
    ^
  File "C:\Users\Arun\Desktop\Text-to-speech-app\.venv\Lib\site-packages\sqlalchemy\engine\base.py", line 1641, in _execute_clauseelement
    ret = self._execute_context(
        dialect,
    ...<8 lines>...
        cache_hit=cache_hit,
    )
  File "C:\Users\Arun\Desktop\Text-to-speech-app\.venv\Lib\site-packages\sqlalchemy\engine\base.py", line 1846, in _execute_context
    return self._exec_single_context(
           ~~~~~~~~~~~~~~~~~~~~~~~~~^
        dialect, context, statement, parameters
        ^^^^^^^^^^^^^^^^^^^^^^^^^^^^^^^^^^^^^^^
    )
    ^
  File "C:\Users\Arun\Desktop\Text-to-speech-app\.venv\Lib\site-packages\sqlalchemy\engine\base.py", line 1986, in _exec_single_context
    self._handle_dbapi_exception(
    ~~~~~~~~~~~~~~~~~~~~~~~~~~~~^
        e, str_statement, effective_parameters, cursor, context
        ^^^^^^^^^^^^^^^^^^^^^^^^^^^^^^^^^^^^^^^^^^^^^^^^^^^^^^^
    )
    ^
  File "C:\Users\Arun\Desktop\Text-to-speech-app\.venv\Lib\site-packages\sqlalchemy\engine\base.py", line 2363, in _handle_dbapi_exception
    raise sqlalchemy_exception.with_traceback(exc_info[2]) from e
  File "C:\Users\Arun\Desktop\Text-to-speech-app\.venv\Lib\site-packages\sqlalchemy\engine\base.py", line 1967, in _exec_single_context
    self.dialect.do_execute(
    ~~~~~~~~~~~~~~~~~~~~~~~^
        cursor, str_statement, effective_parameters, context
        ^^^^^^^^^^^^^^^^^^^^^^^^^^^^^^^^^^^^^^^^^^^^^^^^^^^^
    )
    ^
  File "C:\Users\Arun\Desktop\Text-to-speech-app\.venv\Lib\site-packages\sqlalchemy\engine\default.py", line 952, in do_execute
    cursor.execute(statement, parameters)
    ~~~~~~~~~~~~~~^^^^^^^^^^^^^^^^^^^^^^^
sqlalchemy.exc.OperationalError: (sqlite3.OperationalError) no such table: users
[SQL: SELECT users.id AS users_id, users.email AS users_email, users.hashed_password AS users_hashed_password, users.is_admin AS users_is_admin, users.created_at AS users_created_at, users.credits_used AS users_credits_used 
FROM users 
WHERE users.email = ?
 LIMIT ? OFFSET ?]
[parameters: ('login_success@example.com', 1, 0)]
(Background on this error at: https://sqlalche.me/e/20/e3q8)
2026-02-16 12:05:57,495 [INFO] HTTP Request: POST http://testserver/api/login "HTTP/1.1 500 Internal Server Error"
------------------------------ Captured log call ------------------------------
ERROR    backend.main:main.py:233 Signup Error: (sqlite3.OperationalError) no such table: users
[SQL: SELECT users.id AS users_id, users.email AS users_email, users.hashed_password AS users_hashed_password, users.is_admin AS users_is_admin, users.created_at AS users_created_at, users.credits_used AS users_credits_used 
FROM users 
WHERE users.email = ?
 LIMIT ? OFFSET ?]
[parameters: ('login_success@example.com', 1, 0)]
(Background on this error at: https://sqlalche.me/e/20/e3q8)
INFO     httpx:_client.py:1025 HTTP Request: POST http://testserver/api/signup "HTTP/1.1 500 Internal Server Error"
ERROR    backend.main:main.py:98 CRITICAL ERROR in /api/login: (sqlite3.OperationalError) no such table: users
[SQL: SELECT users.id AS users_id, users.email AS users_email, users.hashed_password AS users_hashed_password, users.is_admin AS users_is_admin, users.created_at AS users_created_at, users.credits_used AS users_credits_used 
FROM users 
WHERE users.email = ?
 LIMIT ? OFFSET ?]
[parameters: ('login_success@example.com', 1, 0)]
(Background on this error at: https://sqlalche.me/e/20/e3q8)
Traceback (most recent call last):
  File "C:\Users\Arun\Desktop\Text-to-speech-app\.venv\Lib\site-packages\sqlalchemy\engine\base.py", line 1967, in _exec_single_context
    self.dialect.do_execute(
    ~~~~~~~~~~~~~~~~~~~~~~~^
        cursor, str_statement, effective_parameters, context
        ^^^^^^^^^^^^^^^^^^^^^^^^^^^^^^^^^^^^^^^^^^^^^^^^^^^^
    )
    ^
  File "C:\Users\Arun\Desktop\Text-to-speech-app\.venv\Lib\site-packages\sqlalchemy\engine\default.py", line 952, in do_execute
    cursor.execute(statement, parameters)
    ~~~~~~~~~~~~~~^^^^^^^^^^^^^^^^^^^^^^^
sqlite3.OperationalError: no such table: users

The above exception was the direct cause of the following exception:

Traceback (most recent call last):
  File "C:\Users\Arun\Desktop\Text-to-speech-app\backend\main.py", line 95, in log_requests
    response = await call_next(request)
               ^^^^^^^^^^^^^^^^^^^^^^^^
  File "C:\Users\Arun\Desktop\Text-to-speech-app\.venv\Lib\site-packages\starlette\middleware\base.py", line 168, in call_next
    raise app_exc from app_exc.__cause__ or app_exc.__context__
  File "C:\Users\Arun\Desktop\Text-to-speech-app\.venv\Lib\site-packages\starlette\middleware\base.py", line 144, in coro
    await self.app(scope, receive_or_disconnect, send_no_error)
  File "C:\Users\Arun\Desktop\Text-to-speech-app\.venv\Lib\site-packages\starlette\middleware\exceptions.py", line 63, in __call__
    await wrap_app_handling_exceptions(self.app, conn)(scope, receive, send)
  File "C:\Users\Arun\Desktop\Text-to-speech-app\.venv\Lib\site-packages\starlette\_exception_handler.py", line 53, in wrapped_app
    raise exc
  File "C:\Users\Arun\Desktop\Text-to-speech-app\.venv\Lib\site-packages\starlette\_exception_handler.py", line 42, in wrapped_app
    await app(scope, receive, sender)
  File "C:\Users\Arun\Desktop\Text-to-speech-app\.venv\Lib\site-packages\fastapi\middleware\asyncexitstack.py", line 18, in __call__
    await self.app(scope, receive, send)
  File "C:\Users\Arun\Desktop\Text-to-speech-app\.venv\Lib\site-packages\starlette\routing.py", line 716, in __call__
    await self.middleware_stack(scope, receive, send)
  File "C:\Users\Arun\Desktop\Text-to-speech-app\.venv\Lib\site-packages\starlette\routing.py", line 736, in app
    await route.handle(scope, receive, send)
  File "C:\Users\Arun\Desktop\Text-to-speech-app\.venv\Lib\site-packages\starlette\routing.py", line 290, in handle
    await self.app(scope, receive, send)
  File "C:\Users\Arun\Desktop\Text-to-speech-app\.venv\Lib\site-packages\fastapi\routing.py", line 115, in app
    await wrap_app_handling_exceptions(app, request)(scope, receive, send)
  File "C:\Users\Arun\Desktop\Text-to-speech-app\.venv\Lib\site-packages\starlette\_exception_handler.py", line 53, in wrapped_app
    raise exc
  File "C:\Users\Arun\Desktop\Text-to-speech-app\.venv\Lib\site-packages\starlette\_exception_handler.py", line 42, in wrapped_app
    await app(scope, receive, sender)
  File "C:\Users\Arun\Desktop\Text-to-speech-app\.venv\Lib\site-packages\fastapi\routing.py", line 101, in app
    response = await f(request)
               ^^^^^^^^^^^^^^^^
  File "C:\Users\Arun\Desktop\Text-to-speech-app\.venv\Lib\site-packages\fastapi\routing.py", line 355, in app
    raw_response = await run_endpoint_function(
                   ^^^^^^^^^^^^^^^^^^^^^^^^^^^^
    ...<3 lines>...
    )
    ^
  File "C:\Users\Arun\Desktop\Text-to-speech-app\.venv\Lib\site-packages\fastapi\routing.py", line 245, in run_endpoint_function
    return await run_in_threadpool(dependant.call, **values)
           ^^^^^^^^^^^^^^^^^^^^^^^^^^^^^^^^^^^^^^^^^^^^^^^^^
  File "C:\Users\Arun\Desktop\Text-to-speech-app\.venv\Lib\site-packages\starlette\concurrency.py", line 32, in run_in_threadpool
    return await anyio.to_thread.run_sync(func)
           ^^^^^^^^^^^^^^^^^^^^^^^^^^^^^^^^^^^^
  File "C:\Users\Arun\Desktop\Text-to-speech-app\.venv\Lib\site-packages\anyio\to_thread.py", line 63, in run_sync
    return await get_async_backend().run_sync_in_worker_thread(
           ^^^^^^^^^^^^^^^^^^^^^^^^^^^^^^^^^^^^^^^^^^^^^^^^^^^^
        func, args, abandon_on_cancel=abandon_on_cancel, limiter=limiter
        ^^^^^^^^^^^^^^^^^^^^^^^^^^^^^^^^^^^^^^^^^^^^^^^^^^^^^^^^^^^^^^^^
    )
    ^
  File "C:\Users\Arun\Desktop\Text-to-speech-app\.venv\Lib\site-packages\anyio\_backends\_asyncio.py", line 2502, in run_sync_in_worker_thread
    return await future
           ^^^^^^^^^^^^
  File "C:\Users\Arun\Desktop\Text-to-speech-app\.venv\Lib\site-packages\anyio\_backends\_asyncio.py", line 986, in run
    result = context.run(func, *args)
  File "C:\Users\Arun\Desktop\Text-to-speech-app\backend\main.py", line 238, in login
    db_user = db.query(User).filter(User.email == user.email).first()
  File "C:\Users\Arun\Desktop\Text-to-speech-app\.venv\Lib\site-packages\sqlalchemy\orm\query.py", line 2759, in first
    return self.limit(1)._iter().first()  # type: ignore
           ~~~~~~~~~~~~~~~~~~~^^
  File "C:\Users\Arun\Desktop\Text-to-speech-app\.venv\Lib\site-packages\sqlalchemy\orm\query.py", line 2857, in _iter
    result: Union[ScalarResult[_T], Result[_T]] = self.session.execute(
                                                  ~~~~~~~~~~~~~~~~~~~~^
        statement,
        ^^^^^^^^^^
        params,
        ^^^^^^^
        execution_options={"_sa_orm_load_options": self.load_options},
        ^^^^^^^^^^^^^^^^^^^^^^^^^^^^^^^^^^^^^^^^^^^^^^^^^^^^^^^^^^^^^^
    )
    ^
  File "C:\Users\Arun\Desktop\Text-to-speech-app\.venv\Lib\site-packages\sqlalchemy\orm\session.py", line 2351, in execute
    return self._execute_internal(
           ~~~~~~~~~~~~~~~~~~~~~~^
        statement,
        ^^^^^^^^^^
    ...<4 lines>...
        _add_event=_add_event,
        ^^^^^^^^^^^^^^^^^^^^^^
    )
    ^
  File "C:\Users\Arun\Desktop\Text-to-speech-app\.venv\Lib\site-packages\sqlalchemy\orm\session.py", line 2249, in _execute_internal
    result: Result[Any] = compile_state_cls.orm_execute_statement(
                          ~~~~~~~~~~~~~~~~~~~~~~~~~~~~~~~~~~~~~~~^
        self,
        ^^^^^
    ...<4 lines>...
        conn,
        ^^^^^
    )
    ^
  File "C:\Users\Arun\Desktop\Text-to-speech-app\.venv\Lib\site-packages\sqlalchemy\orm\context.py", line 306, in orm_execute_statement
    result = conn.execute(
        statement, params or {}, execution_options=execution_options
    )
  File "C:\Users\Arun\Desktop\Text-to-speech-app\.venv\Lib\site-packages\sqlalchemy\engine\base.py", line 1419, in execute
    return meth(
        self,
        distilled_parameters,
        execution_options or NO_OPTIONS,
    )
  File "C:\Users\Arun\Desktop\Text-to-speech-app\.venv\Lib\site-packages\sqlalchemy\sql\elements.py", line 527, in _execute_on_connection
    return connection._execute_clauseelement(
           ~~~~~~~~~~~~~~~~~~~~~~~~~~~~~~~~~^
        self, distilled_params, execution_options
        ^^^^^^^^^^^^^^^^^^^^^^^^^^^^^^^^^^^^^^^^^
    )
    ^
  File "C:\Users\Arun\Desktop\Text-to-speech-app\.venv\Lib\site-packages\sqlalchemy\engine\base.py", line 1641, in _execute_clauseelement
    ret = self._execute_context(
        dialect,
    ...<8 lines>...
        cache_hit=cache_hit,
    )
  File "C:\Users\Arun\Desktop\Text-to-speech-app\.venv\Lib\site-packages\sqlalchemy\engine\base.py", line 1846, in _execute_context
    return self._exec_single_context(
           ~~~~~~~~~~~~~~~~~~~~~~~~~^
        dialect, context, statement, parameters
        ^^^^^^^^^^^^^^^^^^^^^^^^^^^^^^^^^^^^^^^
    )
    ^
  File "C:\Users\Arun\Desktop\Text-to-speech-app\.venv\Lib\site-packages\sqlalchemy\engine\base.py", line 1986, in _exec_single_context
    self._handle_dbapi_exception(
    ~~~~~~~~~~~~~~~~~~~~~~~~~~~~^
        e, str_statement, effective_parameters, cursor, context
        ^^^^^^^^^^^^^^^^^^^^^^^^^^^^^^^^^^^^^^^^^^^^^^^^^^^^^^^
    )
    ^
  File "C:\Users\Arun\Desktop\Text-to-speech-app\.venv\Lib\site-packages\sqlalchemy\engine\base.py", line 2363, in _handle_dbapi_exception
    raise sqlalchemy_exception.with_traceback(exc_info[2]) from e
  File "C:\Users\Arun\Desktop\Text-to-speech-app\.venv\Lib\site-packages\sqlalchemy\engine\base.py", line 1967, in _exec_single_context
    self.dialect.do_execute(
    ~~~~~~~~~~~~~~~~~~~~~~~^
        cursor, str_statement, effective_parameters, context
        ^^^^^^^^^^^^^^^^^^^^^^^^^^^^^^^^^^^^^^^^^^^^^^^^^^^^
    )
    ^
  File "C:\Users\Arun\Desktop\Text-to-speech-app\.venv\Lib\site-packages\sqlalchemy\engine\default.py", line 952, in do_execute
    cursor.execute(statement, parameters)
    ~~~~~~~~~~~~~~^^^^^^^^^^^^^^^^^^^^^^^
sqlalchemy.exc.OperationalError: (sqlite3.OperationalError) no such table: users
[SQL: SELECT users.id AS users_id, users.email AS users_email, users.hashed_password AS users_hashed_password, users.is_admin AS users_is_admin, users.created_at AS users_created_at, users.credits_used AS users_credits_used 
FROM users 
WHERE users.email = ?
 LIMIT ? OFFSET ?]
[parameters: ('login_success@example.com', 1, 0)]
(Background on this error at: https://sqlalche.me/e/20/e3q8)
INFO     httpx:_client.py:1025 HTTP Request: POST http://testserver/api/login "HTTP/1.1 500 Internal Server Error"
__________________________ test_login_wrong_password __________________________

client = <starlette.testclient.TestClient object at 0x000002B02EC9A650>

    def test_login_wrong_password(client):
        """Test login failure with incorrect password"""
        email = "wrong_password@example.com"
        password = "correctpassword"
    
        # Prerequisite: Create user
        client.post("/api/signup", json={"email": email, "password": password})
    
        # Test Login with wrong password
        response = client.post("/api/login", json={"email": email, "password": "wrongpassword"})
    
>       assert response.status_code == status.HTTP_401_UNAUTHORIZED
E       assert 500 == 401
E        +  where 500 = <Response [500 Internal Server Error]>.status_code
E        +  and   401 = status.HTTP_401_UNAUTHORIZED

tests\test_auth.py:62: AssertionError
---------------------------- Captured stderr call -----------------------------
2026-02-16 12:05:57,503 [ERROR] Signup Error: (sqlite3.OperationalError) no such table: users
[SQL: SELECT users.id AS users_id, users.email AS users_email, users.hashed_password AS users_hashed_password, users.is_admin AS users_is_admin, users.created_at AS users_created_at, users.credits_used AS users_credits_used 
FROM users 
WHERE users.email = ?
 LIMIT ? OFFSET ?]
[parameters: ('wrong_password@example.com', 1, 0)]
(Background on this error at: https://sqlalche.me/e/20/e3q8)
2026-02-16 12:05:57,504 [INFO] HTTP Request: POST http://testserver/api/signup "HTTP/1.1 500 Internal Server Error"
2026-02-16 12:05:57,507 [ERROR] CRITICAL ERROR in /api/login: (sqlite3.OperationalError) no such table: users
[SQL: SELECT users.id AS users_id, users.email AS users_email, users.hashed_password AS users_hashed_password, users.is_admin AS users_is_admin, users.created_at AS users_created_at, users.credits_used AS users_credits_used 
FROM users 
WHERE users.email = ?
 LIMIT ? OFFSET ?]
[parameters: ('wrong_password@example.com', 1, 0)]
(Background on this error at: https://sqlalche.me/e/20/e3q8)
Traceback (most recent call last):
  File "C:\Users\Arun\Desktop\Text-to-speech-app\.venv\Lib\site-packages\sqlalchemy\engine\base.py", line 1967, in _exec_single_context
    self.dialect.do_execute(
    ~~~~~~~~~~~~~~~~~~~~~~~^
        cursor, str_statement, effective_parameters, context
        ^^^^^^^^^^^^^^^^^^^^^^^^^^^^^^^^^^^^^^^^^^^^^^^^^^^^
    )
    ^
  File "C:\Users\Arun\Desktop\Text-to-speech-app\.venv\Lib\site-packages\sqlalchemy\engine\default.py", line 952, in do_execute
    cursor.execute(statement, parameters)
    ~~~~~~~~~~~~~~^^^^^^^^^^^^^^^^^^^^^^^
sqlite3.OperationalError: no such table: users

The above exception was the direct cause of the following exception:

Traceback (most recent call last):
  File "C:\Users\Arun\Desktop\Text-to-speech-app\backend\main.py", line 95, in log_requests
    response = await call_next(request)
               ^^^^^^^^^^^^^^^^^^^^^^^^
  File "C:\Users\Arun\Desktop\Text-to-speech-app\.venv\Lib\site-packages\starlette\middleware\base.py", line 168, in call_next
    raise app_exc from app_exc.__cause__ or app_exc.__context__
  File "C:\Users\Arun\Desktop\Text-to-speech-app\.venv\Lib\site-packages\starlette\middleware\base.py", line 144, in coro
    await self.app(scope, receive_or_disconnect, send_no_error)
  File "C:\Users\Arun\Desktop\Text-to-speech-app\.venv\Lib\site-packages\starlette\middleware\exceptions.py", line 63, in __call__
    await wrap_app_handling_exceptions(self.app, conn)(scope, receive, send)
  File "C:\Users\Arun\Desktop\Text-to-speech-app\.venv\Lib\site-packages\starlette\_exception_handler.py", line 53, in wrapped_app
    raise exc
  File "C:\Users\Arun\Desktop\Text-to-speech-app\.venv\Lib\site-packages\starlette\_exception_handler.py", line 42, in wrapped_app
    await app(scope, receive, sender)
  File "C:\Users\Arun\Desktop\Text-to-speech-app\.venv\Lib\site-packages\fastapi\middleware\asyncexitstack.py", line 18, in __call__
    await self.app(scope, receive, send)
  File "C:\Users\Arun\Desktop\Text-to-speech-app\.venv\Lib\site-packages\starlette\routing.py", line 716, in __call__
    await self.middleware_stack(scope, receive, send)
  File "C:\Users\Arun\Desktop\Text-to-speech-app\.venv\Lib\site-packages\starlette\routing.py", line 736, in app
    await route.handle(scope, receive, send)
  File "C:\Users\Arun\Desktop\Text-to-speech-app\.venv\Lib\site-packages\starlette\routing.py", line 290, in handle
    await self.app(scope, receive, send)
  File "C:\Users\Arun\Desktop\Text-to-speech-app\.venv\Lib\site-packages\fastapi\routing.py", line 115, in app
    await wrap_app_handling_exceptions(app, request)(scope, receive, send)
  File "C:\Users\Arun\Desktop\Text-to-speech-app\.venv\Lib\site-packages\starlette\_exception_handler.py", line 53, in wrapped_app
    raise exc
  File "C:\Users\Arun\Desktop\Text-to-speech-app\.venv\Lib\site-packages\starlette\_exception_handler.py", line 42, in wrapped_app
    await app(scope, receive, sender)
  File "C:\Users\Arun\Desktop\Text-to-speech-app\.venv\Lib\site-packages\fastapi\routing.py", line 101, in app
    response = await f(request)
               ^^^^^^^^^^^^^^^^
  File "C:\Users\Arun\Desktop\Text-to-speech-app\.venv\Lib\site-packages\fastapi\routing.py", line 355, in app
    raw_response = await run_endpoint_function(
                   ^^^^^^^^^^^^^^^^^^^^^^^^^^^^
    ...<3 lines>...
    )
    ^
  File "C:\Users\Arun\Desktop\Text-to-speech-app\.venv\Lib\site-packages\fastapi\routing.py", line 245, in run_endpoint_function
    return await run_in_threadpool(dependant.call, **values)
           ^^^^^^^^^^^^^^^^^^^^^^^^^^^^^^^^^^^^^^^^^^^^^^^^^
  File "C:\Users\Arun\Desktop\Text-to-speech-app\.venv\Lib\site-packages\starlette\concurrency.py", line 32, in run_in_threadpool
    return await anyio.to_thread.run_sync(func)
           ^^^^^^^^^^^^^^^^^^^^^^^^^^^^^^^^^^^^
  File "C:\Users\Arun\Desktop\Text-to-speech-app\.venv\Lib\site-packages\anyio\to_thread.py", line 63, in run_sync
    return await get_async_backend().run_sync_in_worker_thread(
           ^^^^^^^^^^^^^^^^^^^^^^^^^^^^^^^^^^^^^^^^^^^^^^^^^^^^
        func, args, abandon_on_cancel=abandon_on_cancel, limiter=limiter
        ^^^^^^^^^^^^^^^^^^^^^^^^^^^^^^^^^^^^^^^^^^^^^^^^^^^^^^^^^^^^^^^^
    )
    ^
  File "C:\Users\Arun\Desktop\Text-to-speech-app\.venv\Lib\site-packages\anyio\_backends\_asyncio.py", line 2502, in run_sync_in_worker_thread
    return await future
           ^^^^^^^^^^^^
  File "C:\Users\Arun\Desktop\Text-to-speech-app\.venv\Lib\site-packages\anyio\_backends\_asyncio.py", line 986, in run
    result = context.run(func, *args)
  File "C:\Users\Arun\Desktop\Text-to-speech-app\backend\main.py", line 238, in login
    db_user = db.query(User).filter(User.email == user.email).first()
  File "C:\Users\Arun\Desktop\Text-to-speech-app\.venv\Lib\site-packages\sqlalchemy\orm\query.py", line 2759, in first
    return self.limit(1)._iter().first()  # type: ignore
           ~~~~~~~~~~~~~~~~~~~^^
  File "C:\Users\Arun\Desktop\Text-to-speech-app\.venv\Lib\site-packages\sqlalchemy\orm\query.py", line 2857, in _iter
    result: Union[ScalarResult[_T], Result[_T]] = self.session.execute(
                                                  ~~~~~~~~~~~~~~~~~~~~^
        statement,
        ^^^^^^^^^^
        params,
        ^^^^^^^
        execution_options={"_sa_orm_load_options": self.load_options},
        ^^^^^^^^^^^^^^^^^^^^^^^^^^^^^^^^^^^^^^^^^^^^^^^^^^^^^^^^^^^^^^
    )
    ^
  File "C:\Users\Arun\Desktop\Text-to-speech-app\.venv\Lib\site-packages\sqlalchemy\orm\session.py", line 2351, in execute
    return self._execute_internal(
           ~~~~~~~~~~~~~~~~~~~~~~^
        statement,
        ^^^^^^^^^^
    ...<4 lines>...
        _add_event=_add_event,
        ^^^^^^^^^^^^^^^^^^^^^^
    )
    ^
  File "C:\Users\Arun\Desktop\Text-to-speech-app\.venv\Lib\site-packages\sqlalchemy\orm\session.py", line 2249, in _execute_internal
    result: Result[Any] = compile_state_cls.orm_execute_statement(
                          ~~~~~~~~~~~~~~~~~~~~~~~~~~~~~~~~~~~~~~~^
        self,
        ^^^^^
    ...<4 lines>...
        conn,
        ^^^^^
    )
    ^
  File "C:\Users\Arun\Desktop\Text-to-speech-app\.venv\Lib\site-packages\sqlalchemy\orm\context.py", line 306, in orm_execute_statement
    result = conn.execute(
        statement, params or {}, execution_options=execution_options
    )
  File "C:\Users\Arun\Desktop\Text-to-speech-app\.venv\Lib\site-packages\sqlalchemy\engine\base.py", line 1419, in execute
    return meth(
        self,
        distilled_parameters,
        execution_options or NO_OPTIONS,
    )
  File "C:\Users\Arun\Desktop\Text-to-speech-app\.venv\Lib\site-packages\sqlalchemy\sql\elements.py", line 527, in _execute_on_connection
    return connection._execute_clauseelement(
           ~~~~~~~~~~~~~~~~~~~~~~~~~~~~~~~~~^
        self, distilled_params, execution_options
        ^^^^^^^^^^^^^^^^^^^^^^^^^^^^^^^^^^^^^^^^^
    )
    ^
  File "C:\Users\Arun\Desktop\Text-to-speech-app\.venv\Lib\site-packages\sqlalchemy\engine\base.py", line 1641, in _execute_clauseelement
    ret = self._execute_context(
        dialect,
    ...<8 lines>...
        cache_hit=cache_hit,
    )
  File "C:\Users\Arun\Desktop\Text-to-speech-app\.venv\Lib\site-packages\sqlalchemy\engine\base.py", line 1846, in _execute_context
    return self._exec_single_context(
           ~~~~~~~~~~~~~~~~~~~~~~~~~^
        dialect, context, statement, parameters
        ^^^^^^^^^^^^^^^^^^^^^^^^^^^^^^^^^^^^^^^
    )
    ^
  File "C:\Users\Arun\Desktop\Text-to-speech-app\.venv\Lib\site-packages\sqlalchemy\engine\base.py", line 1986, in _exec_single_context
    self._handle_dbapi_exception(
    ~~~~~~~~~~~~~~~~~~~~~~~~~~~~^
        e, str_statement, effective_parameters, cursor, context
        ^^^^^^^^^^^^^^^^^^^^^^^^^^^^^^^^^^^^^^^^^^^^^^^^^^^^^^^
    )
    ^
  File "C:\Users\Arun\Desktop\Text-to-speech-app\.venv\Lib\site-packages\sqlalchemy\engine\base.py", line 2363, in _handle_dbapi_exception
    raise sqlalchemy_exception.with_traceback(exc_info[2]) from e
  File "C:\Users\Arun\Desktop\Text-to-speech-app\.venv\Lib\site-packages\sqlalchemy\engine\base.py", line 1967, in _exec_single_context
    self.dialect.do_execute(
    ~~~~~~~~~~~~~~~~~~~~~~~^
        cursor, str_statement, effective_parameters, context
        ^^^^^^^^^^^^^^^^^^^^^^^^^^^^^^^^^^^^^^^^^^^^^^^^^^^^
    )
    ^
  File "C:\Users\Arun\Desktop\Text-to-speech-app\.venv\Lib\site-packages\sqlalchemy\engine\default.py", line 952, in do_execute
    cursor.execute(statement, parameters)
    ~~~~~~~~~~~~~~^^^^^^^^^^^^^^^^^^^^^^^
sqlalchemy.exc.OperationalError: (sqlite3.OperationalError) no such table: users
[SQL: SELECT users.id AS users_id, users.email AS users_email, users.hashed_password AS users_hashed_password, users.is_admin AS users_is_admin, users.created_at AS users_created_at, users.credits_used AS users_credits_used 
FROM users 
WHERE users.email = ?
 LIMIT ? OFFSET ?]
[parameters: ('wrong_password@example.com', 1, 0)]
(Background on this error at: https://sqlalche.me/e/20/e3q8)
2026-02-16 12:05:57,511 [INFO] HTTP Request: POST http://testserver/api/login "HTTP/1.1 500 Internal Server Error"
------------------------------ Captured log call ------------------------------
ERROR    backend.main:main.py:233 Signup Error: (sqlite3.OperationalError) no such table: users
[SQL: SELECT users.id AS users_id, users.email AS users_email, users.hashed_password AS users_hashed_password, users.is_admin AS users_is_admin, users.created_at AS users_created_at, users.credits_used AS users_credits_used 
FROM users 
WHERE users.email = ?
 LIMIT ? OFFSET ?]
[parameters: ('wrong_password@example.com', 1, 0)]
(Background on this error at: https://sqlalche.me/e/20/e3q8)
INFO     httpx:_client.py:1025 HTTP Request: POST http://testserver/api/signup "HTTP/1.1 500 Internal Server Error"
ERROR    backend.main:main.py:98 CRITICAL ERROR in /api/login: (sqlite3.OperationalError) no such table: users
[SQL: SELECT users.id AS users_id, users.email AS users_email, users.hashed_password AS users_hashed_password, users.is_admin AS users_is_admin, users.created_at AS users_created_at, users.credits_used AS users_credits_used 
FROM users 
WHERE users.email = ?
 LIMIT ? OFFSET ?]
[parameters: ('wrong_password@example.com', 1, 0)]
(Background on this error at: https://sqlalche.me/e/20/e3q8)
Traceback (most recent call last):
  File "C:\Users\Arun\Desktop\Text-to-speech-app\.venv\Lib\site-packages\sqlalchemy\engine\base.py", line 1967, in _exec_single_context
    self.dialect.do_execute(
    ~~~~~~~~~~~~~~~~~~~~~~~^
        cursor, str_statement, effective_parameters, context
        ^^^^^^^^^^^^^^^^^^^^^^^^^^^^^^^^^^^^^^^^^^^^^^^^^^^^
    )
    ^
  File "C:\Users\Arun\Desktop\Text-to-speech-app\.venv\Lib\site-packages\sqlalchemy\engine\default.py", line 952, in do_execute
    cursor.execute(statement, parameters)
    ~~~~~~~~~~~~~~^^^^^^^^^^^^^^^^^^^^^^^
sqlite3.OperationalError: no such table: users

The above exception was the direct cause of the following exception:

Traceback (most recent call last):
  File "C:\Users\Arun\Desktop\Text-to-speech-app\backend\main.py", line 95, in log_requests
    response = await call_next(request)
               ^^^^^^^^^^^^^^^^^^^^^^^^
  File "C:\Users\Arun\Desktop\Text-to-speech-app\.venv\Lib\site-packages\starlette\middleware\base.py", line 168, in call_next
    raise app_exc from app_exc.__cause__ or app_exc.__context__
  File "C:\Users\Arun\Desktop\Text-to-speech-app\.venv\Lib\site-packages\starlette\middleware\base.py", line 144, in coro
    await self.app(scope, receive_or_disconnect, send_no_error)
  File "C:\Users\Arun\Desktop\Text-to-speech-app\.venv\Lib\site-packages\starlette\middleware\exceptions.py", line 63, in __call__
    await wrap_app_handling_exceptions(self.app, conn)(scope, receive, send)
  File "C:\Users\Arun\Desktop\Text-to-speech-app\.venv\Lib\site-packages\starlette\_exception_handler.py", line 53, in wrapped_app
    raise exc
  File "C:\Users\Arun\Desktop\Text-to-speech-app\.venv\Lib\site-packages\starlette\_exception_handler.py", line 42, in wrapped_app
    await app(scope, receive, sender)
  File "C:\Users\Arun\Desktop\Text-to-speech-app\.venv\Lib\site-packages\fastapi\middleware\asyncexitstack.py", line 18, in __call__
    await self.app(scope, receive, send)
  File "C:\Users\Arun\Desktop\Text-to-speech-app\.venv\Lib\site-packages\starlette\routing.py", line 716, in __call__
    await self.middleware_stack(scope, receive, send)
  File "C:\Users\Arun\Desktop\Text-to-speech-app\.venv\Lib\site-packages\starlette\routing.py", line 736, in app
    await route.handle(scope, receive, send)
  File "C:\Users\Arun\Desktop\Text-to-speech-app\.venv\Lib\site-packages\starlette\routing.py", line 290, in handle
    await self.app(scope, receive, send)
  File "C:\Users\Arun\Desktop\Text-to-speech-app\.venv\Lib\site-packages\fastapi\routing.py", line 115, in app
    await wrap_app_handling_exceptions(app, request)(scope, receive, send)
  File "C:\Users\Arun\Desktop\Text-to-speech-app\.venv\Lib\site-packages\starlette\_exception_handler.py", line 53, in wrapped_app
    raise exc
  File "C:\Users\Arun\Desktop\Text-to-speech-app\.venv\Lib\site-packages\starlette\_exception_handler.py", line 42, in wrapped_app
    await app(scope, receive, sender)
  File "C:\Users\Arun\Desktop\Text-to-speech-app\.venv\Lib\site-packages\fastapi\routing.py", line 101, in app
    response = await f(request)
               ^^^^^^^^^^^^^^^^
  File "C:\Users\Arun\Desktop\Text-to-speech-app\.venv\Lib\site-packages\fastapi\routing.py", line 355, in app
    raw_response = await run_endpoint_function(
                   ^^^^^^^^^^^^^^^^^^^^^^^^^^^^
    ...<3 lines>...
    )
    ^
  File "C:\Users\Arun\Desktop\Text-to-speech-app\.venv\Lib\site-packages\fastapi\routing.py", line 245, in run_endpoint_function
    return await run_in_threadpool(dependant.call, **values)
           ^^^^^^^^^^^^^^^^^^^^^^^^^^^^^^^^^^^^^^^^^^^^^^^^^
  File "C:\Users\Arun\Desktop\Text-to-speech-app\.venv\Lib\site-packages\starlette\concurrency.py", line 32, in run_in_threadpool
    return await anyio.to_thread.run_sync(func)
           ^^^^^^^^^^^^^^^^^^^^^^^^^^^^^^^^^^^^
  File "C:\Users\Arun\Desktop\Text-to-speech-app\.venv\Lib\site-packages\anyio\to_thread.py", line 63, in run_sync
    return await get_async_backend().run_sync_in_worker_thread(
           ^^^^^^^^^^^^^^^^^^^^^^^^^^^^^^^^^^^^^^^^^^^^^^^^^^^^
        func, args, abandon_on_cancel=abandon_on_cancel, limiter=limiter
        ^^^^^^^^^^^^^^^^^^^^^^^^^^^^^^^^^^^^^^^^^^^^^^^^^^^^^^^^^^^^^^^^
    )
    ^
  File "C:\Users\Arun\Desktop\Text-to-speech-app\.venv\Lib\site-packages\anyio\_backends\_asyncio.py", line 2502, in run_sync_in_worker_thread
    return await future
           ^^^^^^^^^^^^
  File "C:\Users\Arun\Desktop\Text-to-speech-app\.venv\Lib\site-packages\anyio\_backends\_asyncio.py", line 986, in run
    result = context.run(func, *args)
  File "C:\Users\Arun\Desktop\Text-to-speech-app\backend\main.py", line 238, in login
    db_user = db.query(User).filter(User.email == user.email).first()
  File "C:\Users\Arun\Desktop\Text-to-speech-app\.venv\Lib\site-packages\sqlalchemy\orm\query.py", line 2759, in first
    return self.limit(1)._iter().first()  # type: ignore
           ~~~~~~~~~~~~~~~~~~~^^
  File "C:\Users\Arun\Desktop\Text-to-speech-app\.venv\Lib\site-packages\sqlalchemy\orm\query.py", line 2857, in _iter
    result: Union[ScalarResult[_T], Result[_T]] = self.session.execute(
                                                  ~~~~~~~~~~~~~~~~~~~~^
        statement,
        ^^^^^^^^^^
        params,
        ^^^^^^^
        execution_options={"_sa_orm_load_options": self.load_options},
        ^^^^^^^^^^^^^^^^^^^^^^^^^^^^^^^^^^^^^^^^^^^^^^^^^^^^^^^^^^^^^^
    )
    ^
  File "C:\Users\Arun\Desktop\Text-to-speech-app\.venv\Lib\site-packages\sqlalchemy\orm\session.py", line 2351, in execute
    return self._execute_internal(
           ~~~~~~~~~~~~~~~~~~~~~~^
        statement,
        ^^^^^^^^^^
    ...<4 lines>...
        _add_event=_add_event,
        ^^^^^^^^^^^^^^^^^^^^^^
    )
    ^
  File "C:\Users\Arun\Desktop\Text-to-speech-app\.venv\Lib\site-packages\sqlalchemy\orm\session.py", line 2249, in _execute_internal
    result: Result[Any] = compile_state_cls.orm_execute_statement(
                          ~~~~~~~~~~~~~~~~~~~~~~~~~~~~~~~~~~~~~~~^
        self,
        ^^^^^
    ...<4 lines>...
        conn,
        ^^^^^
    )
    ^
  File "C:\Users\Arun\Desktop\Text-to-speech-app\.venv\Lib\site-packages\sqlalchemy\orm\context.py", line 306, in orm_execute_statement
    result = conn.execute(
        statement, params or {}, execution_options=execution_options
    )
  File "C:\Users\Arun\Desktop\Text-to-speech-app\.venv\Lib\site-packages\sqlalchemy\engine\base.py", line 1419, in execute
    return meth(
        self,
        distilled_parameters,
        execution_options or NO_OPTIONS,
    )
  File "C:\Users\Arun\Desktop\Text-to-speech-app\.venv\Lib\site-packages\sqlalchemy\sql\elements.py", line 527, in _execute_on_connection
    return connection._execute_clauseelement(
           ~~~~~~~~~~~~~~~~~~~~~~~~~~~~~~~~~^
        self, distilled_params, execution_options
        ^^^^^^^^^^^^^^^^^^^^^^^^^^^^^^^^^^^^^^^^^
    )
    ^
  File "C:\Users\Arun\Desktop\Text-to-speech-app\.venv\Lib\site-packages\sqlalchemy\engine\base.py", line 1641, in _execute_clauseelement
    ret = self._execute_context(
        dialect,
    ...<8 lines>...
        cache_hit=cache_hit,
    )
  File "C:\Users\Arun\Desktop\Text-to-speech-app\.venv\Lib\site-packages\sqlalchemy\engine\base.py", line 1846, in _execute_context
    return self._exec_single_context(
           ~~~~~~~~~~~~~~~~~~~~~~~~~^
        dialect, context, statement, parameters
        ^^^^^^^^^^^^^^^^^^^^^^^^^^^^^^^^^^^^^^^
    )
    ^
  File "C:\Users\Arun\Desktop\Text-to-speech-app\.venv\Lib\site-packages\sqlalchemy\engine\base.py", line 1986, in _exec_single_context
    self._handle_dbapi_exception(
    ~~~~~~~~~~~~~~~~~~~~~~~~~~~~^
        e, str_statement, effective_parameters, cursor, context
        ^^^^^^^^^^^^^^^^^^^^^^^^^^^^^^^^^^^^^^^^^^^^^^^^^^^^^^^
    )
    ^
  File "C:\Users\Arun\Desktop\Text-to-speech-app\.venv\Lib\site-packages\sqlalchemy\engine\base.py", line 2363, in _handle_dbapi_exception
    raise sqlalchemy_exception.with_traceback(exc_info[2]) from e
  File "C:\Users\Arun\Desktop\Text-to-speech-app\.venv\Lib\site-packages\sqlalchemy\engine\base.py", line 1967, in _exec_single_context
    self.dialect.do_execute(
    ~~~~~~~~~~~~~~~~~~~~~~~^
        cursor, str_statement, effective_parameters, context
        ^^^^^^^^^^^^^^^^^^^^^^^^^^^^^^^^^^^^^^^^^^^^^^^^^^^^
    )
    ^
  File "C:\Users\Arun\Desktop\Text-to-speech-app\.venv\Lib\site-packages\sqlalchemy\engine\default.py", line 952, in do_execute
    cursor.execute(statement, parameters)
    ~~~~~~~~~~~~~~^^^^^^^^^^^^^^^^^^^^^^^
sqlalchemy.exc.OperationalError: (sqlite3.OperationalError) no such table: users
[SQL: SELECT users.id AS users_id, users.email AS users_email, users.hashed_password AS users_hashed_password, users.is_admin AS users_is_admin, users.created_at AS users_created_at, users.credits_used AS users_credits_used 
FROM users 
WHERE users.email = ?
 LIMIT ? OFFSET ?]
[parameters: ('wrong_password@example.com', 1, 0)]
(Background on this error at: https://sqlalche.me/e/20/e3q8)
INFO     httpx:_client.py:1025 HTTP Request: POST http://testserver/api/login "HTTP/1.1 500 Internal Server Error"
________________________ test_login_non_existent_email ________________________

client = <starlette.testclient.TestClient object at 0x000002B02ECDAEA0>

    def test_login_non_existent_email(client):
        """Test login failure for non-registered email"""
        payload = {
            "email": "ghost@example.com",
            "password": "password123"
        }
    
        response = client.post("/api/login", json=payload)
    
>       assert response.status_code == status.HTTP_400_BAD_REQUEST
E       assert 500 == 400
E        +  where 500 = <Response [500 Internal Server Error]>.status_code
E        +  and   400 = status.HTTP_400_BAD_REQUEST

tests\test_auth.py:74: AssertionError
---------------------------- Captured stderr call -----------------------------
2026-02-16 12:05:57,518 [ERROR] CRITICAL ERROR in /api/login: (sqlite3.OperationalError) no such table: users
[SQL: SELECT users.id AS users_id, users.email AS users_email, users.hashed_password AS users_hashed_password, users.is_admin AS users_is_admin, users.created_at AS users_created_at, users.credits_used AS users_credits_used 
FROM users 
WHERE users.email = ?
 LIMIT ? OFFSET ?]
[parameters: ('ghost@example.com', 1, 0)]
(Background on this error at: https://sqlalche.me/e/20/e3q8)
Traceback (most recent call last):
  File "C:\Users\Arun\Desktop\Text-to-speech-app\.venv\Lib\site-packages\sqlalchemy\engine\base.py", line 1967, in _exec_single_context
    self.dialect.do_execute(
    ~~~~~~~~~~~~~~~~~~~~~~~^
        cursor, str_statement, effective_parameters, context
        ^^^^^^^^^^^^^^^^^^^^^^^^^^^^^^^^^^^^^^^^^^^^^^^^^^^^
    )
    ^
  File "C:\Users\Arun\Desktop\Text-to-speech-app\.venv\Lib\site-packages\sqlalchemy\engine\default.py", line 952, in do_execute
    cursor.execute(statement, parameters)
    ~~~~~~~~~~~~~~^^^^^^^^^^^^^^^^^^^^^^^
sqlite3.OperationalError: no such table: users

The above exception was the direct cause of the following exception:

Traceback (most recent call last):
  File "C:\Users\Arun\Desktop\Text-to-speech-app\backend\main.py", line 95, in log_requests
    response = await call_next(request)
               ^^^^^^^^^^^^^^^^^^^^^^^^
  File "C:\Users\Arun\Desktop\Text-to-speech-app\.venv\Lib\site-packages\starlette\middleware\base.py", line 168, in call_next
    raise app_exc from app_exc.__cause__ or app_exc.__context__
  File "C:\Users\Arun\Desktop\Text-to-speech-app\.venv\Lib\site-packages\starlette\middleware\base.py", line 144, in coro
    await self.app(scope, receive_or_disconnect, send_no_error)
  File "C:\Users\Arun\Desktop\Text-to-speech-app\.venv\Lib\site-packages\starlette\middleware\exceptions.py", line 63, in __call__
    await wrap_app_handling_exceptions(self.app, conn)(scope, receive, send)
  File "C:\Users\Arun\Desktop\Text-to-speech-app\.venv\Lib\site-packages\starlette\_exception_handler.py", line 53, in wrapped_app
    raise exc
  File "C:\Users\Arun\Desktop\Text-to-speech-app\.venv\Lib\site-packages\starlette\_exception_handler.py", line 42, in wrapped_app
    await app(scope, receive, sender)
  File "C:\Users\Arun\Desktop\Text-to-speech-app\.venv\Lib\site-packages\fastapi\middleware\asyncexitstack.py", line 18, in __call__
    await self.app(scope, receive, send)
  File "C:\Users\Arun\Desktop\Text-to-speech-app\.venv\Lib\site-packages\starlette\routing.py", line 716, in __call__
    await self.middleware_stack(scope, receive, send)
  File "C:\Users\Arun\Desktop\Text-to-speech-app\.venv\Lib\site-packages\starlette\routing.py", line 736, in app
    await route.handle(scope, receive, send)
  File "C:\Users\Arun\Desktop\Text-to-speech-app\.venv\Lib\site-packages\starlette\routing.py", line 290, in handle
    await self.app(scope, receive, send)
  File "C:\Users\Arun\Desktop\Text-to-speech-app\.venv\Lib\site-packages\fastapi\routing.py", line 115, in app
    await wrap_app_handling_exceptions(app, request)(scope, receive, send)
  File "C:\Users\Arun\Desktop\Text-to-speech-app\.venv\Lib\site-packages\starlette\_exception_handler.py", line 53, in wrapped_app
    raise exc
  File "C:\Users\Arun\Desktop\Text-to-speech-app\.venv\Lib\site-packages\starlette\_exception_handler.py", line 42, in wrapped_app
    await app(scope, receive, sender)
  File "C:\Users\Arun\Desktop\Text-to-speech-app\.venv\Lib\site-packages\fastapi\routing.py", line 101, in app
    response = await f(request)
               ^^^^^^^^^^^^^^^^
  File "C:\Users\Arun\Desktop\Text-to-speech-app\.venv\Lib\site-packages\fastapi\routing.py", line 355, in app
    raw_response = await run_endpoint_function(
                   ^^^^^^^^^^^^^^^^^^^^^^^^^^^^
    ...<3 lines>...
    )
    ^
  File "C:\Users\Arun\Desktop\Text-to-speech-app\.venv\Lib\site-packages\fastapi\routing.py", line 245, in run_endpoint_function
    return await run_in_threadpool(dependant.call, **values)
           ^^^^^^^^^^^^^^^^^^^^^^^^^^^^^^^^^^^^^^^^^^^^^^^^^
  File "C:\Users\Arun\Desktop\Text-to-speech-app\.venv\Lib\site-packages\starlette\concurrency.py", line 32, in run_in_threadpool
    return await anyio.to_thread.run_sync(func)
           ^^^^^^^^^^^^^^^^^^^^^^^^^^^^^^^^^^^^
  File "C:\Users\Arun\Desktop\Text-to-speech-app\.venv\Lib\site-packages\anyio\to_thread.py", line 63, in run_sync
    return await get_async_backend().run_sync_in_worker_thread(
           ^^^^^^^^^^^^^^^^^^^^^^^^^^^^^^^^^^^^^^^^^^^^^^^^^^^^
        func, args, abandon_on_cancel=abandon_on_cancel, limiter=limiter
        ^^^^^^^^^^^^^^^^^^^^^^^^^^^^^^^^^^^^^^^^^^^^^^^^^^^^^^^^^^^^^^^^
    )
    ^
  File "C:\Users\Arun\Desktop\Text-to-speech-app\.venv\Lib\site-packages\anyio\_backends\_asyncio.py", line 2502, in run_sync_in_worker_thread
    return await future
           ^^^^^^^^^^^^
  File "C:\Users\Arun\Desktop\Text-to-speech-app\.venv\Lib\site-packages\anyio\_backends\_asyncio.py", line 986, in run
    result = context.run(func, *args)
  File "C:\Users\Arun\Desktop\Text-to-speech-app\backend\main.py", line 238, in login
    db_user = db.query(User).filter(User.email == user.email).first()
  File "C:\Users\Arun\Desktop\Text-to-speech-app\.venv\Lib\site-packages\sqlalchemy\orm\query.py", line 2759, in first
    return self.limit(1)._iter().first()  # type: ignore
           ~~~~~~~~~~~~~~~~~~~^^
  File "C:\Users\Arun\Desktop\Text-to-speech-app\.venv\Lib\site-packages\sqlalchemy\orm\query.py", line 2857, in _iter
    result: Union[ScalarResult[_T], Result[_T]] = self.session.execute(
                                                  ~~~~~~~~~~~~~~~~~~~~^
        statement,
        ^^^^^^^^^^
        params,
        ^^^^^^^
        execution_options={"_sa_orm_load_options": self.load_options},
        ^^^^^^^^^^^^^^^^^^^^^^^^^^^^^^^^^^^^^^^^^^^^^^^^^^^^^^^^^^^^^^
    )
    ^
  File "C:\Users\Arun\Desktop\Text-to-speech-app\.venv\Lib\site-packages\sqlalchemy\orm\session.py", line 2351, in execute
    return self._execute_internal(
           ~~~~~~~~~~~~~~~~~~~~~~^
        statement,
        ^^^^^^^^^^
    ...<4 lines>...
        _add_event=_add_event,
        ^^^^^^^^^^^^^^^^^^^^^^
    )
    ^
  File "C:\Users\Arun\Desktop\Text-to-speech-app\.venv\Lib\site-packages\sqlalchemy\orm\session.py", line 2249, in _execute_internal
    result: Result[Any] = compile_state_cls.orm_execute_statement(
                          ~~~~~~~~~~~~~~~~~~~~~~~~~~~~~~~~~~~~~~~^
        self,
        ^^^^^
    ...<4 lines>...
        conn,
        ^^^^^
    )
    ^
  File "C:\Users\Arun\Desktop\Text-to-speech-app\.venv\Lib\site-packages\sqlalchemy\orm\context.py", line 306, in orm_execute_statement
    result = conn.execute(
        statement, params or {}, execution_options=execution_options
    )
  File "C:\Users\Arun\Desktop\Text-to-speech-app\.venv\Lib\site-packages\sqlalchemy\engine\base.py", line 1419, in execute
    return meth(
        self,
        distilled_parameters,
        execution_options or NO_OPTIONS,
    )
  File "C:\Users\Arun\Desktop\Text-to-speech-app\.venv\Lib\site-packages\sqlalchemy\sql\elements.py", line 527, in _execute_on_connection
    return connection._execute_clauseelement(
           ~~~~~~~~~~~~~~~~~~~~~~~~~~~~~~~~~^
        self, distilled_params, execution_options
        ^^^^^^^^^^^^^^^^^^^^^^^^^^^^^^^^^^^^^^^^^
    )
    ^
  File "C:\Users\Arun\Desktop\Text-to-speech-app\.venv\Lib\site-packages\sqlalchemy\engine\base.py", line 1641, in _execute_clauseelement
    ret = self._execute_context(
        dialect,
    ...<8 lines>...
        cache_hit=cache_hit,
    )
  File "C:\Users\Arun\Desktop\Text-to-speech-app\.venv\Lib\site-packages\sqlalchemy\engine\base.py", line 1846, in _execute_context
    return self._exec_single_context(
           ~~~~~~~~~~~~~~~~~~~~~~~~~^
        dialect, context, statement, parameters
        ^^^^^^^^^^^^^^^^^^^^^^^^^^^^^^^^^^^^^^^
    )
    ^
  File "C:\Users\Arun\Desktop\Text-to-speech-app\.venv\Lib\site-packages\sqlalchemy\engine\base.py", line 1986, in _exec_single_context
    self._handle_dbapi_exception(
    ~~~~~~~~~~~~~~~~~~~~~~~~~~~~^
        e, str_statement, effective_parameters, cursor, context
        ^^^^^^^^^^^^^^^^^^^^^^^^^^^^^^^^^^^^^^^^^^^^^^^^^^^^^^^
    )
    ^
  File "C:\Users\Arun\Desktop\Text-to-speech-app\.venv\Lib\site-packages\sqlalchemy\engine\base.py", line 2363, in _handle_dbapi_exception
    raise sqlalchemy_exception.with_traceback(exc_info[2]) from e
  File "C:\Users\Arun\Desktop\Text-to-speech-app\.venv\Lib\site-packages\sqlalchemy\engine\base.py", line 1967, in _exec_single_context
    self.dialect.do_execute(
    ~~~~~~~~~~~~~~~~~~~~~~~^
        cursor, str_statement, effective_parameters, context
        ^^^^^^^^^^^^^^^^^^^^^^^^^^^^^^^^^^^^^^^^^^^^^^^^^^^^
    )
    ^
  File "C:\Users\Arun\Desktop\Text-to-speech-app\.venv\Lib\site-packages\sqlalchemy\engine\default.py", line 952, in do_execute
    cursor.execute(statement, parameters)
    ~~~~~~~~~~~~~~^^^^^^^^^^^^^^^^^^^^^^^
sqlalchemy.exc.OperationalError: (sqlite3.OperationalError) no such table: users
[SQL: SELECT users.id AS users_id, users.email AS users_email, users.hashed_password AS users_hashed_password, users.is_admin AS users_is_admin, users.created_at AS users_created_at, users.credits_used AS users_credits_used 
FROM users 
WHERE users.email = ?
 LIMIT ? OFFSET ?]
[parameters: ('ghost@example.com', 1, 0)]
(Background on this error at: https://sqlalche.me/e/20/e3q8)
2026-02-16 12:05:57,522 [INFO] HTTP Request: POST http://testserver/api/login "HTTP/1.1 500 Internal Server Error"
------------------------------ Captured log call ------------------------------
ERROR    backend.main:main.py:98 CRITICAL ERROR in /api/login: (sqlite3.OperationalError) no such table: users
[SQL: SELECT users.id AS users_id, users.email AS users_email, users.hashed_password AS users_hashed_password, users.is_admin AS users_is_admin, users.created_at AS users_created_at, users.credits_used AS users_credits_used 
FROM users 
WHERE users.email = ?
 LIMIT ? OFFSET ?]
[parameters: ('ghost@example.com', 1, 0)]
(Background on this error at: https://sqlalche.me/e/20/e3q8)
Traceback (most recent call last):
  File "C:\Users\Arun\Desktop\Text-to-speech-app\.venv\Lib\site-packages\sqlalchemy\engine\base.py", line 1967, in _exec_single_context
    self.dialect.do_execute(
    ~~~~~~~~~~~~~~~~~~~~~~~^
        cursor, str_statement, effective_parameters, context
        ^^^^^^^^^^^^^^^^^^^^^^^^^^^^^^^^^^^^^^^^^^^^^^^^^^^^
    )
    ^
  File "C:\Users\Arun\Desktop\Text-to-speech-app\.venv\Lib\site-packages\sqlalchemy\engine\default.py", line 952, in do_execute
    cursor.execute(statement, parameters)
    ~~~~~~~~~~~~~~^^^^^^^^^^^^^^^^^^^^^^^
sqlite3.OperationalError: no such table: users

The above exception was the direct cause of the following exception:

Traceback (most recent call last):
  File "C:\Users\Arun\Desktop\Text-to-speech-app\backend\main.py", line 95, in log_requests
    response = await call_next(request)
               ^^^^^^^^^^^^^^^^^^^^^^^^
  File "C:\Users\Arun\Desktop\Text-to-speech-app\.venv\Lib\site-packages\starlette\middleware\base.py", line 168, in call_next
    raise app_exc from app_exc.__cause__ or app_exc.__context__
  File "C:\Users\Arun\Desktop\Text-to-speech-app\.venv\Lib\site-packages\starlette\middleware\base.py", line 144, in coro
    await self.app(scope, receive_or_disconnect, send_no_error)
  File "C:\Users\Arun\Desktop\Text-to-speech-app\.venv\Lib\site-packages\starlette\middleware\exceptions.py", line 63, in __call__
    await wrap_app_handling_exceptions(self.app, conn)(scope, receive, send)
  File "C:\Users\Arun\Desktop\Text-to-speech-app\.venv\Lib\site-packages\starlette\_exception_handler.py", line 53, in wrapped_app
    raise exc
  File "C:\Users\Arun\Desktop\Text-to-speech-app\.venv\Lib\site-packages\starlette\_exception_handler.py", line 42, in wrapped_app
    await app(scope, receive, sender)
  File "C:\Users\Arun\Desktop\Text-to-speech-app\.venv\Lib\site-packages\fastapi\middleware\asyncexitstack.py", line 18, in __call__
    await self.app(scope, receive, send)
  File "C:\Users\Arun\Desktop\Text-to-speech-app\.venv\Lib\site-packages\starlette\routing.py", line 716, in __call__
    await self.middleware_stack(scope, receive, send)
  File "C:\Users\Arun\Desktop\Text-to-speech-app\.venv\Lib\site-packages\starlette\routing.py", line 736, in app
    await route.handle(scope, receive, send)
  File "C:\Users\Arun\Desktop\Text-to-speech-app\.venv\Lib\site-packages\starlette\routing.py", line 290, in handle
    await self.app(scope, receive, send)
  File "C:\Users\Arun\Desktop\Text-to-speech-app\.venv\Lib\site-packages\fastapi\routing.py", line 115, in app
    await wrap_app_handling_exceptions(app, request)(scope, receive, send)
  File "C:\Users\Arun\Desktop\Text-to-speech-app\.venv\Lib\site-packages\starlette\_exception_handler.py", line 53, in wrapped_app
    raise exc
  File "C:\Users\Arun\Desktop\Text-to-speech-app\.venv\Lib\site-packages\starlette\_exception_handler.py", line 42, in wrapped_app
    await app(scope, receive, sender)
  File "C:\Users\Arun\Desktop\Text-to-speech-app\.venv\Lib\site-packages\fastapi\routing.py", line 101, in app
    response = await f(request)
               ^^^^^^^^^^^^^^^^
  File "C:\Users\Arun\Desktop\Text-to-speech-app\.venv\Lib\site-packages\fastapi\routing.py", line 355, in app
    raw_response = await run_endpoint_function(
                   ^^^^^^^^^^^^^^^^^^^^^^^^^^^^
    ...<3 lines>...
    )
    ^
  File "C:\Users\Arun\Desktop\Text-to-speech-app\.venv\Lib\site-packages\fastapi\routing.py", line 245, in run_endpoint_function
    return await run_in_threadpool(dependant.call, **values)
           ^^^^^^^^^^^^^^^^^^^^^^^^^^^^^^^^^^^^^^^^^^^^^^^^^
  File "C:\Users\Arun\Desktop\Text-to-speech-app\.venv\Lib\site-packages\starlette\concurrency.py", line 32, in run_in_threadpool
    return await anyio.to_thread.run_sync(func)
           ^^^^^^^^^^^^^^^^^^^^^^^^^^^^^^^^^^^^
  File "C:\Users\Arun\Desktop\Text-to-speech-app\.venv\Lib\site-packages\anyio\to_thread.py", line 63, in run_sync
    return await get_async_backend().run_sync_in_worker_thread(
           ^^^^^^^^^^^^^^^^^^^^^^^^^^^^^^^^^^^^^^^^^^^^^^^^^^^^
        func, args, abandon_on_cancel=abandon_on_cancel, limiter=limiter
        ^^^^^^^^^^^^^^^^^^^^^^^^^^^^^^^^^^^^^^^^^^^^^^^^^^^^^^^^^^^^^^^^
    )
    ^
  File "C:\Users\Arun\Desktop\Text-to-speech-app\.venv\Lib\site-packages\anyio\_backends\_asyncio.py", line 2502, in run_sync_in_worker_thread
    return await future
           ^^^^^^^^^^^^
  File "C:\Users\Arun\Desktop\Text-to-speech-app\.venv\Lib\site-packages\anyio\_backends\_asyncio.py", line 986, in run
    result = context.run(func, *args)
  File "C:\Users\Arun\Desktop\Text-to-speech-app\backend\main.py", line 238, in login
    db_user = db.query(User).filter(User.email == user.email).first()
  File "C:\Users\Arun\Desktop\Text-to-speech-app\.venv\Lib\site-packages\sqlalchemy\orm\query.py", line 2759, in first
    return self.limit(1)._iter().first()  # type: ignore
           ~~~~~~~~~~~~~~~~~~~^^
  File "C:\Users\Arun\Desktop\Text-to-speech-app\.venv\Lib\site-packages\sqlalchemy\orm\query.py", line 2857, in _iter
    result: Union[ScalarResult[_T], Result[_T]] = self.session.execute(
                                                  ~~~~~~~~~~~~~~~~~~~~^
        statement,
        ^^^^^^^^^^
        params,
        ^^^^^^^
        execution_options={"_sa_orm_load_options": self.load_options},
        ^^^^^^^^^^^^^^^^^^^^^^^^^^^^^^^^^^^^^^^^^^^^^^^^^^^^^^^^^^^^^^
    )
    ^
  File "C:\Users\Arun\Desktop\Text-to-speech-app\.venv\Lib\site-packages\sqlalchemy\orm\session.py", line 2351, in execute
    return self._execute_internal(
           ~~~~~~~~~~~~~~~~~~~~~~^
        statement,
        ^^^^^^^^^^
    ...<4 lines>...
        _add_event=_add_event,
        ^^^^^^^^^^^^^^^^^^^^^^
    )
    ^
  File "C:\Users\Arun\Desktop\Text-to-speech-app\.venv\Lib\site-packages\sqlalchemy\orm\session.py", line 2249, in _execute_internal
    result: Result[Any] = compile_state_cls.orm_execute_statement(
                          ~~~~~~~~~~~~~~~~~~~~~~~~~~~~~~~~~~~~~~~^
        self,
        ^^^^^
    ...<4 lines>...
        conn,
        ^^^^^
    )
    ^
  File "C:\Users\Arun\Desktop\Text-to-speech-app\.venv\Lib\site-packages\sqlalchemy\orm\context.py", line 306, in orm_execute_statement
    result = conn.execute(
        statement, params or {}, execution_options=execution_options
    )
  File "C:\Users\Arun\Desktop\Text-to-speech-app\.venv\Lib\site-packages\sqlalchemy\engine\base.py", line 1419, in execute
    return meth(
        self,
        distilled_parameters,
        execution_options or NO_OPTIONS,
    )
  File "C:\Users\Arun\Desktop\Text-to-speech-app\.venv\Lib\site-packages\sqlalchemy\sql\elements.py", line 527, in _execute_on_connection
    return connection._execute_clauseelement(
           ~~~~~~~~~~~~~~~~~~~~~~~~~~~~~~~~~^
        self, distilled_params, execution_options
        ^^^^^^^^^^^^^^^^^^^^^^^^^^^^^^^^^^^^^^^^^
    )
    ^
  File "C:\Users\Arun\Desktop\Text-to-speech-app\.venv\Lib\site-packages\sqlalchemy\engine\base.py", line 1641, in _execute_clauseelement
    ret = self._execute_context(
        dialect,
    ...<8 lines>...
        cache_hit=cache_hit,
    )
  File "C:\Users\Arun\Desktop\Text-to-speech-app\.venv\Lib\site-packages\sqlalchemy\engine\base.py", line 1846, in _execute_context
    return self._exec_single_context(
           ~~~~~~~~~~~~~~~~~~~~~~~~~^
        dialect, context, statement, parameters
        ^^^^^^^^^^^^^^^^^^^^^^^^^^^^^^^^^^^^^^^
    )
    ^
  File "C:\Users\Arun\Desktop\Text-to-speech-app\.venv\Lib\site-packages\sqlalchemy\engine\base.py", line 1986, in _exec_single_context
    self._handle_dbapi_exception(
    ~~~~~~~~~~~~~~~~~~~~~~~~~~~~^
        e, str_statement, effective_parameters, cursor, context
        ^^^^^^^^^^^^^^^^^^^^^^^^^^^^^^^^^^^^^^^^^^^^^^^^^^^^^^^
    )
    ^
  File "C:\Users\Arun\Desktop\Text-to-speech-app\.venv\Lib\site-packages\sqlalchemy\engine\base.py", line 2363, in _handle_dbapi_exception
    raise sqlalchemy_exception.with_traceback(exc_info[2]) from e
  File "C:\Users\Arun\Desktop\Text-to-speech-app\.venv\Lib\site-packages\sqlalchemy\engine\base.py", line 1967, in _exec_single_context
    self.dialect.do_execute(
    ~~~~~~~~~~~~~~~~~~~~~~~^
        cursor, str_statement, effective_parameters, context
        ^^^^^^^^^^^^^^^^^^^^^^^^^^^^^^^^^^^^^^^^^^^^^^^^^^^^
    )
    ^
  File "C:\Users\Arun\Desktop\Text-to-speech-app\.venv\Lib\site-packages\sqlalchemy\engine\default.py", line 952, in do_execute
    cursor.execute(statement, parameters)
    ~~~~~~~~~~~~~~^^^^^^^^^^^^^^^^^^^^^^^
sqlalchemy.exc.OperationalError: (sqlite3.OperationalError) no such table: users
[SQL: SELECT users.id AS users_id, users.email AS users_email, users.hashed_password AS users_hashed_password, users.is_admin AS users_is_admin, users.created_at AS users_created_at, users.credits_used AS users_credits_used 
FROM users 
WHERE users.email = ?
 LIMIT ? OFFSET ?]
[parameters: ('ghost@example.com', 1, 0)]
(Background on this error at: https://sqlalche.me/e/20/e3q8)
INFO     httpx:_client.py:1025 HTTP Request: POST http://testserver/api/login "HTTP/1.1 500 Internal Server Error"
============================== warnings summary ===============================
backend\schemas.py:9
  C:\Users\Arun\Desktop\Text-to-speech-app\backend\schemas.py:9: PydanticDeprecatedSince20: Pydantic V1 style `@validator` validators are deprecated. You should migrate to Pydantic V2 style `@field_validator` validators, see the migration guide for more details. Deprecated in Pydantic V2.0 to be removed in V3.0. See Pydantic V2 Migration Guide at https://errors.pydantic.dev/2.12/migration/
    @validator('email')

backend\schemas.py:17
  C:\Users\Arun\Desktop\Text-to-speech-app\backend\schemas.py:17: PydanticDeprecatedSince20: Pydantic V1 style `@validator` validators are deprecated. You should migrate to Pydantic V2 style `@field_validator` validators, see the migration guide for more details. Deprecated in Pydantic V2.0 to be removed in V3.0. See Pydantic V2 Migration Guide at https://errors.pydantic.dev/2.12/migration/
    @validator('password')

backend\schemas.py:27
  C:\Users\Arun\Desktop\Text-to-speech-app\backend\schemas.py:27: PydanticDeprecatedSince20: Support for class-based `config` is deprecated, use ConfigDict instead. Deprecated in Pydantic V2.0 to be removed in V3.0. See Pydantic V2 Migration Guide at https://errors.pydantic.dev/2.12/migration/
    class UserOut(BaseModel):

backend\schemas.py:51
  C:\Users\Arun\Desktop\Text-to-speech-app\backend\schemas.py:51: PydanticDeprecatedSince20: Support for class-based `config` is deprecated, use ConfigDict instead. Deprecated in Pydantic V2.0 to be removed in V3.0. See Pydantic V2 Migration Guide at https://errors.pydantic.dev/2.12/migration/
    class ConversionOut(BaseModel):

backend\schemas.py:68
  C:\Users\Arun\Desktop\Text-to-speech-app\backend\schemas.py:68: PydanticDeprecatedSince20: Pydantic V1 style `@validator` validators are deprecated. You should migrate to Pydantic V2 style `@field_validator` validators, see the migration guide for more details. Deprecated in Pydantic V2.0 to be removed in V3.0. See Pydantic V2 Migration Guide at https://errors.pydantic.dev/2.12/migration/
    @validator('new_password')

-- Docs: https://docs.pytest.org/en/stable/how-to/capture-warnings.html
=========================== short test summary info ===========================
FAILED tests/test_auth.py::test_signup_success - assert 500 == 200
FAILED tests/test_auth.py::test_signup_duplicate_email - assert 500 == 200
FAILED tests/test_auth.py::test_login_success - assert 500 == 200
FAILED tests/test_auth.py::test_login_wrong_password - assert 500 == 401
FAILED tests/test_auth.py::test_login_non_existent_email - assert 500 == 400
======================== 5 failed, 5 warnings in 0.26s ========================
